{
  "source": {
    "file": "main.bal"
  },
  "position": {
    "line": 3,
    "character": 10
  },
  "result": {
    "changes": {
    }
  }
}
