{
  "data": [
    0,
    5,
    4,
    "struct",
    [
      "declaration"
    ],
    1,
    11,
    4,
    "property",
    [
      "declaration"
    ],
    4,
    5,
    7,
    "struct",
    [
      "declaration"
    ],
    6,
    9,
    4,
    "struct",
    [],
    7,
    15,
    6,
    "property",
    [
      "declaration"
    ],
    8,
    7,
    7,
    "property",
    [
      "declaration"
    ],
    11,
    9,
    3,
    "function",
    [
      "declaration"
    ],
    11,
    13,
    7,
    "struct",
    [],
    11,
    21,
    7,
    "parameter",
    [
      "declaration"
    ],
    12,
    4,
    7,
    "struct",
    [],
    12,
    23,
    4,
    "property",
    [
      "declaration"
    ],
    12,
    26,
    7,
    "variable",
    [
      "declaration"
    ],
    12,
    38,
    7,
    "parameter",
    [],
    13,
    8,
    7,
    "variable",
    [],
    16,
    16,
    4,
    "function",
    [
      "declaration"
    ],
    17,
    4,
    7,
    "struct",
    [],
    17,
    12,
    7,
    "variable",
    [
      "declaration"
    ],
    18,
    8,
    7,
    "property",
    [],
    18,
    18,
    4,
    "property",
    [],
    18,
    32,
    6,
    "property",
    [],
    20,
    4,
    3,
    "function",
    [],
    20,
    8,
    7,
    "variable",
    []
  ]
}
