{
  "data": [
    5,
    0,
    1,
    "namespace",
    [],
    5,
    1,
    4,
    "namespace",
    [],
    6,
    9,
    9,
    "function",
    [
      "declaration"
    ],
    6,
    29,
    1,
    "namespace",
    [],
    6,
    30,
    7,
    "type",
    [],
    8,
    4,
    4,
    "namespace",
    [],
    8,
    16,
    12,
    "variable",
    [
      "declaration"
    ],
    11,
    9,
    7,
    "variable",
    [
      "declaration"
    ],
    12,
    8,
    8,
    "variable",
    [
      "declaration"
    ],
    13,
    20,
    4,
    "namespace",
    [],
    14,
    12,
    7,
    "variable",
    [
      "declaration"
    ],
    14,
    37,
    14,
    "method",
    [
      "declaration"
    ],
    15,
    8,
    4,
    "namespace",
    [],
    15,
    13,
    12,
    "function",
    [],
    17,
    8,
    4,
    "namespace",
    [],
    17,
    13,
    10,
    "function",
    [],
    22,
    0,
    1,
    "namespace",
    [],
    22,
    1,
    4,
    "namespace",
    [],
    26,
    9,
    6,
    "variable",
    [
      "declaration"
    ],
    27,
    0,
    4,
    "namespace",
    [],
    27,
    18,
    11,
    "variable",
    [
      "declaration"
    ],
    29,
    9,
    8,
    "function",
    [
      "declaration"
    ],
    29,
    28,
    3,
    "parameter",
    [
      "declaration"
    ],
    29,
    70,
    8,
    "method",
    [
      "declaration"
    ],
    29,
    87,
    8,
    "method",
    [
      "declaration"
    ],
    31,
    16,
    9,
    "function",
    [
      "declaration"
    ],
    31,
    39,
    3,
    "parameter",
    [
      "declaration"
    ],
    32,
    11,
    4,
    "method",
    [
      "declaration"
    ],
    33,
    4,
    8,
    "function",
    [],
    33,
    17,
    6,
    "method",
    [
      "declaration"
    ],
    33,
    43,
    1,
    "parameter",
    [
      "declaration"
    ],
    33,
    56,
    1,
    "parameter",
    [
      "declaration"
    ],
    33,
    77,
    8,
    "function",
    [],
    33,
    91,
    8,
    "function",
    [],
    36,
    16,
    15,
    "function",
    [
      "declaration"
    ],
    36,
    42,
    4,
    "namespace",
    [],
    37,
    22,
    4,
    "namespace",
    [],
    37,
    27,
    10,
    "function",
    [],
    40,
    0,
    1,
    "namespace",
    [],
    40,
    1,
    4,
    "namespace",
    [],
    41,
    9,
    9,
    "function",
    [
      "declaration"
    ],
    42,
    4,
    4,
    "namespace",
    [],
    42,
    9,
    4,
    "function",
    [],
    42,
    27,
    4,
    "method",
    [
      "declaration"
    ],
    43,
    4,
    4,
    "namespace",
    [],
    43,
    9,
    12,
    "function",
    [],
    44,
    4,
    4,
    "namespace",
    [],
    44,
    9,
    12,
    "function",
    [],
    46,
    13,
    12,
    "variable",
    [
      "declaration"
    ],
    47,
    8,
    9,
    "variable",
    [
      "declaration"
    ],
    48,
    12,
    9,
    "variable",
    [
      "declaration"
    ],
    55,
    4,
    4,
    "namespace",
    [],
    55,
    9,
    12,
    "function",
    [],
    56,
    11,
    12,
    "variable",
    [
      "declaration"
    ],
    57,
    11,
    12,
    "variable",
    [
      "declaration"
    ],
    58,
    11,
    12,
    "variable",
    [
      "declaration"
    ],
    59,
    19,
    3,
    "variable",
    [
      "declaration"
    ],
    60,
    8,
    4,
    "namespace",
    [],
    60,
    13,
    10,
    "function",
    [],
    64,
    0,
    1,
    "namespace",
    [],
    64,
    1,
    4,
    "namespace",
    [],
    65,
    9,
    10,
    "function",
    [
      "declaration"
    ],
    66,
    4,
    2,
    "namespace",
    [],
    66,
    7,
    7,
    "function",
    [],
    69,
    0,
    1,
    "namespace",
    [],
    69,
    1,
    4,
    "namespace",
    [],
    70,
    9,
    10,
    "function",
    [
      "declaration"
    ],
    71,
    4,
    2,
    "namespace",
    [],
    71,
    7,
    7,
    "function",
    [],
    74,
    0,
    1,
    "namespace",
    [],
    74,
    1,
    4,
    "namespace",
    [],
    75,
    9,
    16,
    "function",
    [
      "declaration"
    ],
    76,
    4,
    2,
    "namespace",
    [],
    76,
    7,
    7,
    "function",
    [],
    81,
    0,
    1,
    "namespace",
    [],
    81,
    1,
    4,
    "namespace",
    [],
    82,
    9,
    15,
    "function",
    [
      "declaration"
    ],
    83,
    4,
    2,
    "namespace",
    [],
    83,
    7,
    7,
    "function",
    [],
    86,
    0,
    1,
    "namespace",
    [],
    86,
    1,
    4,
    "namespace",
    [],
    87,
    9,
    14,
    "function",
    [
      "declaration"
    ],
    88,
    4,
    2,
    "namespace",
    [],
    88,
    7,
    7,
    "function",
    [],
    92,
    0,
    1,
    "namespace",
    [],
    92,
    1,
    4,
    "namespace",
    [],
    93,
    9,
    13,
    "function",
    [
      "declaration"
    ],
    94,
    4,
    2,
    "namespace",
    [],
    94,
    7,
    7,
    "function",
    [],
    97,
    0,
    1,
    "namespace",
    [],
    97,
    1,
    4,
    "namespace",
    [],
    101,
    9,
    12,
    "function",
    [
      "declaration"
    ],
    102,
    4,
    2,
    "namespace",
    [],
    102,
    7,
    7,
    "function",
    [],
    103,
    4,
    4,
    "namespace",
    [],
    103,
    9,
    10,
    "function",
    []
  ]
}
