{
    "result": [
        {
            "range": {
                "start": {
                    "line": 5,
                    "character": 1
                },
                "end": {
                    "line": 5,
                    "character": 1
                }
            },
            "command": {
                "title": "Document This",
                "command": "ADD_DOC",
                "arguments": [
                    {
                        "argumentK": "node.type",
                        "argumentV": "object"
                    },
                    {
                        "argumentK": "node.line",
                        "argumentV": "5"
                    }
                ]
            }
        },
        {
            "range": {
                "start": {
                    "line": 9,
                    "character": 1
                },
                "end": {
                    "line": 9,
                    "character": 1
                }
            },
            "command": {
                "title": "Document This",
                "command": "ADD_DOC",
                "arguments": [
                    {
                        "argumentK": "node.type",
                        "argumentV": "record"
                    },
                    {
                        "argumentK": "node.line",
                        "argumentV": "9"
                    }
                ]
            }
        },
        {
            "range": {
                "start": {
                    "line": 13,
                    "character": 1
                },
                "end": {
                    "line": 13,
                    "character": 1
                }
            },
            "command": {
                "title": "Document This",
                "command": "ADD_DOC",
                "arguments": [
                    {
                        "argumentK": "node.type",
                        "argumentV": "function"
                    },
                    {
                        "argumentK": "node.line",
                        "argumentV": "13"
                    }
                ]
            }
        },
        {
            "range": {
                "start": {
                    "line": 17,
                    "character": 1
                },
                "end": {
                    "line": 17,
                    "character": 1
                }
            },
            "command": {
                "title": "Document This",
                "command": "ADD_DOC",
                "arguments": [
                    {
                        "argumentK": "node.type",
                        "argumentV": "function"
                    },
                    {
                        "argumentK": "node.line",
                        "argumentV": "17"
                    }
                ]
            }
        },
        {
            "range": {
                "start": {
                    "line": 22,
                    "character": 1
                },
                "end": {
                    "line": 22,
                    "character": 1
                }
            },
            "command": {
                "title": "Document This",
                "command": "ADD_DOC",
                "arguments": [
                    {
                        "argumentK": "node.type",
                        "argumentV": "function"
                    },
                    {
                        "argumentK": "node.line",
                        "argumentV": "22"
                    }
                ]
            }
        },
        {
            "range": {
                "start": {
                    "line": 26,
                    "character": 1
                },
                "end": {
                    "line": 26,
                    "character": 1
                }
            },
            "command": {
                "title": "Preview Docs",
                "command": "ballerina.showDocs",
                "arguments": [
                    {
                        "argumentK": "function.name",
                        "argumentV": "returnMap"
                    }
                ]
            }
        },
        {
            "range": {
                "start": {
                    "line": 37,
                    "character": 1
                },
                "end": {
                    "line": 37,
                    "character": 1
                }
            },
            "command": {
                "title": "Document This",
                "command": "ADD_DOC",
                "arguments": [
                    {
                        "argumentK": "node.type",
                        "argumentV": "function"
                    },
                    {
                        "argumentK": "node.line",
                        "argumentV": "37"
                    }
                ]
            }
        }
    ],
    "id": {
        "left": "324"
    },
    "jsonrpc": "2.0"
}