{
  "source": {
    "file": "function.bal"
  },
  "result": [
    {
      "line":3,
      "token":"WzE2LCA4LCAwXQ=="
    }
  ]
}