{
  "source": {
    "file": "defFl19.bal"
  },
  "position": {
    "line": 29,
    "character": 28
  },
  "result": [
    {
      "range": {
        "start": {
          "line": 9,
          "character": 11
        },
        "end": {
          "line": 9,
          "character": 13
        }
      },
      "uri": "defFl19.bal"
    }
  ]
}