{
  "source": {
    "file": "defFl24.bal"
  },
  "position": {
    "line": 25,
    "character": 18
  },
  "result": [
    {
      "range": {
        "start": {
          "line": 9,
          "character": 5
        },
        "end": {
          "line": 9,
          "character": 34
        }
      },
      "uri": "defFl24.bal"
    }
  ]
}