{
  "source": {
    "file": "defFl24.bal"
  },
  "position": {
    "line": 22,
    "character": 11
  },
  "result": [
    {
      "range": {
        "start": {
          "line": 5,
          "character": 12
        },
        "end": {
          "line": 5,
          "character": 26
        }
      },
      "uri": "defFl24.bal"
    }
  ]
}