{
  "source": {
    "file": "defFl24.bal"
  },
  "position": {
    "line": 24,
    "character": 13
  },
  "result": [
    {
      "range": {
        "start": {
          "line": 8,
          "character": 12
        },
        "end": {
          "line": 8,
          "character": 29
        }
      },
      "uri": "defFl24.bal"
    }
  ]
}