{
  "source": {
    "file": "defFl40.bal"
  },
  "position": {
    "line": 4,
    "character": 48
  },
  "result": [
    {
      "range": {
        "start": {
          "line": 48,
          "character": 10
        },
        "end": {
          "line": 48,
          "character": 35
        }
      },
      "uri": "defFl40.bal"
    }
  ]
}