{
    "result": {
        "contents": {
            "kind": "markdown",
            "value": "**Description**\r\n\r\nTest function to show current package works\r\n\r\n**Param**\r\n- `string` s: string parameter\r\n- `int` sd: int parameter\r\n\r\n**Return**\r\n- `int`: return an int\r\n\r\n"
        }
    },
    "id": {
        "left": "324"
    },
    "jsonrpc": "2.0"
}
