{"id":"324","result":{"contents":[{"left":"**Description**\r\n\n    Struct for represent person\u0027s details\n    \r\n**FIELD**\r\n- name: string value name of the person    \r\n- id: int value id of the person    \r\n- age: int value age of the person\r\n\r\n"}]},"jsonrpc":"2.0"}