{
  "result":[
    {
      "startLine":3,
      "endLine":4,
      "kind":"region"
    },
    {
      "startLine":7,
      "endLine":8,
      "kind":"comment"
    },
    {
      "startLine":9,
      "endLine":22,
      "kind":"region"
    },
    {
      "startLine":16,
      "endLine":17,
      "kind":"region"
    },
    {
      "startLine":18,
      "endLine":19,
      "kind":"region"
    },
    {
      "startLine":20,
      "endLine":21,
      "kind":"region"
    },
    {
      "startLine":0,
      "endLine":1,
      "kind":"region"
    }
  ]
}
