{
  "source": {
    "file": "defFl19.bal"
  },
  "position": {
    "line": 52,
    "character": 60
  },
  "result": [
    {
      "range": {
        "start": {
          "line": 20,
          "character": 8
        },
        "end": {
          "line": 20,
          "character": 11
        }
      },
      "uri": "defFl19.bal"
    }
  ]
}